Release 12.4 - xst M.81d (lin64)
Copyright (c) 1995-2010 Xilinx, Inc.  All rights reserved.
--> 
Parameter TMPDIR set to tmpdir


Total REAL time to Xst completion: 0.00 secs
Total CPU time to Xst completion: 0.10 secs
 
--> 

TABLE OF CONTENTS
  1) Synthesis Options Summary
  2) HDL Parsing
  3) HDL Elaboration
  4) HDL Synthesis
       4.1) HDL Synthesis Report
  5) Advanced HDL Synthesis
       5.1) Advanced HDL Synthesis Report
  6) Low Level Synthesis
  7) Partition Report
  8) Design Summary
       8.1) Primitive and Black Box Usage
       8.2) Device utilization summary
       8.3) Partition Resource Summary
       8.4) Timing Report
            8.4.1) Clock Information
            8.4.2) Asynchronous Control Signals Information
            8.4.3) Timing Summary
            8.4.4) Timing Details
            8.4.5) Cross Clock Domains Report


=========================================================================
*                      Synthesis Options Summary                        *
=========================================================================
---- Source Parameters
Input File Name                    : "design.prj"

---- Target Parameters
Output File Name                   : "design.ngc"
Target Device                      : xc6slx16-3-csg324

---- Source Options
Top Module Name                    : main_kbd

=========================================================================

WARNING:Xst:29 - Optimization Effort not specified
The following parameters have been added:
Optimization Goal                  : SPEED

=========================================================================

=========================================================================
*                          HDL Parsing                                  *
=========================================================================
Parsing VHDL file "/edu/emiha868/Desktop/test/main_kbd-synthdir/xst/synth/../../../main_kbd.vhd" into library work
Parsing entity <main_kbd>.
Parsing architecture <Behavioral> of entity <main_kbd>.
Parsing VHDL file "/edu/emiha868/Desktop/test/main_kbd-synthdir/xst/synth/../../../KBD_ENC.vhd" into library work
Parsing entity <KBD_ENC>.
Parsing architecture <behavioral> of entity <kbd_enc>.
Parsing VHDL file "/edu/emiha868/Desktop/test/main_kbd-synthdir/xst/synth/../../../sevensegment.vhd" into library work
Parsing entity <sevensegment>.
Parsing architecture <Behavioral> of entity <sevensegment>.

=========================================================================
*                            HDL Elaboration                            *
=========================================================================

Elaborating entity <main_kbd> (architecture <Behavioral>) from library <work>.

Elaborating entity <KBD_ENC> (architecture <behavioral>) from library <work>.
INFO:HDLCompiler:679 - "/edu/emiha868/Desktop/test/main_kbd-synthdir/xst/synth/../../../KBD_ENC.vhd" Line 144. Case statement is complete. others clause is never selected
INFO:HDLCompiler:679 - "/edu/emiha868/Desktop/test/main_kbd-synthdir/xst/synth/../../../KBD_ENC.vhd" Line 207. Case statement is complete. others clause is never selected
WARNING:HDLCompiler:439 - "/edu/emiha868/Desktop/test/main_kbd-synthdir/xst/synth/../../../main_kbd.vhd" Line 22: Formal port data of mode in cannot be associated with actual port data of mode out
data is declared here

Elaborating entity <sevensegment> (architecture <Behavioral>) from library <work>.
data is declared here

=========================================================================
*                           HDL Synthesis                               *
=========================================================================

Synthesizing Unit <main_kbd>.
    Related source file is "/edu/emiha868/Desktop/test/main_kbd.vhd".
INFO:Xst:3010 - "/edu/emiha868/Desktop/test/main_kbd.vhd" line 42: Output port <we> of the instance <U0> is unconnected or connected to loadless signal.
    Summary:
	no macro.
Unit <main_kbd> synthesized.

Synthesizing Unit <KBD_ENC>.
    Related source file is "/edu/emiha868/Desktop/test/KBD_ENC.vhd".
    Found 1-bit register for signal <PS2Data>.
    Found 1-bit register for signal <PS2Clk_Q1>.
    Found 1-bit register for signal <PS2Clk_Q2>.
    Found 11-bit register for signal <PS2Data_sr>.
    Found 4-bit register for signal <PS2BitCounter>.
    Found 2-bit register for signal <PS2state>.
    Found 2-bit register for signal <WRstate>.
    Found 1-bit register for signal <PS2Clk>.
    Found finite state machine <FSM_0> for signal <PS2state>.
    -----------------------------------------------------------------------
    | States             | 3                                              |
    | Transitions        | 6                                              |
    | Inputs             | 2                                              |
    | Outputs            | 1                                              |
    | Clock              | clk (rising_edge)                              |
    | Power Up State     | idle                                           |
    | Encoding           | auto                                           |
    | Implementation     | LUT                                            |
    -----------------------------------------------------------------------
    Found finite state machine <FSM_1> for signal <WRstate>.
    -----------------------------------------------------------------------
    | States             | 3                                              |
    | Transitions        | 4                                              |
    | Inputs             | 1                                              |
    | Outputs            | 2                                              |
    | Clock              | clk (rising_edge)                              |
    | Reset              | rst (positive)                                 |
    | Reset type         | synchronous                                    |
    | Reset State        | standby                                        |
    | Power Up State     | standby                                        |
    | Encoding           | auto                                           |
    | Implementation     | LUT                                            |
    -----------------------------------------------------------------------
    Found 4-bit adder for signal <PS2BitCounter[3]_GND_5_o_add_4_OUT> created at line 1241.
    Summary:
	inferred   1 Adder/Subtractor(s).
	inferred  19 D-type flip-flop(s).
	inferred   1 Multiplexer(s).
	inferred   2 Finite State Machine(s).
Unit <KBD_ENC> synthesized.

Synthesizing Unit <sevensegment>.
    Related source file is "/edu/emiha868/Desktop/test/sevensegment.vhd".
WARNING:Xst:647 - Input <rst> is never used. This port will be preserved and left unconnected if it belongs to a top-level block or it belongs to a sub-block and the hierarchy of this sub-block is preserved.
    Found 23-bit register for signal <counter_r>.
    Found 2-bit register for signal <counter[1]_dff_19_OUT>.
    Found 2-bit register for signal <counter>.
    Found 4-bit register for signal <an>.
    Found 7-bit register for signal <segments>.
    Found 1-bit register for signal <clk_1kHz>.
    Found 23-bit adder for signal <counter_r[22]_GND_6_o_add_15_OUT> created at line 91.
    Found 2-bit adder for signal <counter[1]_GND_6_o_add_18_OUT> created at line 1241.
    Found 4x4-bit Read Only RAM for signal <counter[1]_GND_6_o_wide_mux_20_OUT>
    Summary:
	inferred   1 RAM(s).
	inferred   2 Adder/Subtractor(s).
	inferred  39 D-type flip-flop(s).
	inferred   1 Multiplexer(s).
Unit <sevensegment> synthesized.
RTL-Simplification CPUSTAT: 0.06 
RTL-BasicInf CPUSTAT: 0.19 
RTL-BasicOpt CPUSTAT: 0.00 
RTL-Remain-Bus CPUSTAT: 0.01 

=========================================================================
HDL Synthesis Report

Macro Statistics
# RAMs                                                 : 1
 4x4-bit single-port Read Only RAM                     : 1
# Adders/Subtractors                                   : 3
 2-bit adder                                           : 1
 23-bit adder                                          : 1
 4-bit adder                                           : 1
# Registers                                            : 12
 1-bit register                                        : 5
 11-bit register                                       : 1
 2-bit register                                        : 2
 23-bit register                                       : 1
 4-bit register                                        : 2
 7-bit register                                        : 1
# Multiplexers                                         : 2
 7-bit 2-to-1 multiplexer                              : 1
 8-bit 2-to-1 multiplexer                              : 1
# FSMs                                                 : 2

=========================================================================

=========================================================================
*                       Advanced HDL Synthesis                          *
=========================================================================


Synthesizing (advanced) Unit <KBD_ENC>.
The following registers are absorbed into counter <PS2BitCounter>: 1 register on signal <PS2BitCounter>.
Unit <KBD_ENC> synthesized (advanced).

Synthesizing (advanced) Unit <sevensegment>.
The following registers are absorbed into counter <counter_r>: 1 register on signal <counter_r>.
INFO:Xst:3048 - The small RAM <Mram_counter[1]_GND_6_o_wide_mux_20_OUT> will be implemented on LUTs in order to maximize performance and save block RAM resources. If you want to force its implementation on block, use option/constraint ram_style.
    -----------------------------------------------------------------------
    | ram_type           | Distributed                         |          |
    -----------------------------------------------------------------------
    | Port A                                                              |
    |     aspect ratio   | 4-word x 4-bit                      |          |
    |     weA            | connected to signal <GND>           | high     |
    |     addrA          | connected to signal <counter>       |          |
    |     diA            | connected to signal <GND>           |          |
    |     doA            | connected to internal node          |          |
    -----------------------------------------------------------------------
Unit <sevensegment> synthesized (advanced).
WARNING:Xst:2677 - Node <PS2Data_sr_0> of sequential type is unconnected in block <KBD_ENC>.

=========================================================================
Advanced HDL Synthesis Report

Macro Statistics
# RAMs                                                 : 1
 4x4-bit single-port distributed Read Only RAM         : 1
# Adders/Subtractors                                   : 1
 2-bit adder                                           : 1
# Counters                                             : 2
 23-bit up counter                                     : 1
 4-bit up counter                                      : 1
# Registers                                            : 30
 Flip-Flops                                            : 30
# Multiplexers                                         : 2
 7-bit 2-to-1 multiplexer                              : 1
 8-bit 2-to-1 multiplexer                              : 1
# FSMs                                                 : 2

=========================================================================

=========================================================================
*                         Low Level Synthesis                           *
=========================================================================
Analyzing FSM <MFsm> for best encoding.
Optimizing FSM <U0/FSM_0> on signal <PS2state[1:2]> with gray encoding.
-------------------
 State | Encoding
-------------------
 idle  | 00
 make  | 11
 break | 01
-------------------
Analyzing FSM <MFsm> for best encoding.
Optimizing FSM <U0/FSM_1> on signal <WRstate[1:2]> with user encoding.
---------------------
 State   | Encoding
---------------------
 standby | 00
 wrchar  | 01
 wrcur   | 10
---------------------

Optimizing unit <main_kbd> ...

Optimizing unit <KBD_ENC> ...

Optimizing unit <sevensegment> ...

Mapping all equations...
Building and optimizing final netlist ...
Found area constraint ratio of 100 (+ 0) on block main_kbd, actual ratio is 1.

Final Macro Processing ...

Processing Unit <main_kbd> :
	Found 3-bit shift register for signal <U0/PS2Data_sr_8>.
Unit <main_kbd> processed.

=========================================================================
Final Register Report

Macro Statistics
# Registers                                            : 58
 Flip-Flops                                            : 58
# Shift Registers                                      : 1
 3-bit shift register                                  : 1

=========================================================================

=========================================================================
*                           Partition Report                            *
=========================================================================

Partition Implementation Status
-------------------------------

  No Partitions were found in this design.

-------------------------------

=========================================================================
*                            Design Summary                             *
=========================================================================

Top Level Output File Name         : design.ngc

Primitive and Black Box Usage:
------------------------------
# BELS                             : 119
#      GND                         : 1
#      INV                         : 4
#      LUT1                        : 22
#      LUT2                        : 7
#      LUT3                        : 3
#      LUT4                        : 7
#      LUT5                        : 9
#      LUT6                        : 20
#      MUXCY                       : 22
#      VCC                         : 1
#      XORCY                       : 23
# FlipFlops/Latches                : 59
#      FD                          : 20
#      FDE                         : 8
#      FDR                         : 26
#      FDRE                        : 4
#      FDS                         : 1
# Shift Registers                  : 1
#      SRLC16E                     : 1
# Clock Buffers                    : 1
#      BUFGP                       : 1
# IO Buffers                       : 15
#      IBUF                        : 3
#      OBUF                        : 12

Device utilization summary:
---------------------------

Selected Device : 6slx16csg324-3 


Slice Logic Utilization: 
 Number of Slice Registers:              59  out of  18224     0%  
 Number of Slice LUTs:                   73  out of   9112     0%  
    Number used as Logic:                72  out of   9112     0%  
    Number used as Memory:                1  out of   2176     0%  
       Number used as SRL:                1

Slice Logic Distribution: 
 Number of LUT Flip Flop pairs used:     84
   Number with an unused Flip Flop:      25  out of     84    29%  
   Number with an unused LUT:            11  out of     84    13%  
   Number of fully used LUT-FF pairs:    48  out of     84    57%  
   Number of unique control sets:         6

IO Utilization: 
 Number of IOs:                          16
 Number of bonded IOBs:                  16  out of    232     6%  

Specific Feature Utilization:
 Number of BUFG/BUFGCTRLs:                1  out of     16     6%  

---------------------------
Partition Resource Summary:
---------------------------

  No Partitions were found in this design.

---------------------------


=========================================================================
Timing Report

NOTE: THESE TIMING NUMBERS ARE ONLY A SYNTHESIS ESTIMATE.
      FOR ACCURATE TIMING INFORMATION PLEASE REFER TO THE TRACE REPORT
      GENERATED AFTER PLACE-and-ROUTE.

Clock Information:
------------------
-----------------------------------+------------------------+-------+
Clock Signal                       | Clock buffer(FF name)  | Load  |
-----------------------------------+------------------------+-------+
clk                                | BUFGP                  | 58    |
U1/clk_1kHz                        | NONE(U1/_i000024_1)    | 2     |
-----------------------------------+------------------------+-------+
INFO:Xst:2169 - HDL ADVISOR - Some clock signals were not automatically buffered by XST with BUFG/BUFR resources. Please use the buffer_type constraint in order to insert these buffers to the clock signals to help prevent skew problems.

Asynchronous Control Signals Information:
----------------------------------------
No asynchronous control signals found in this design

Timing Summary:
---------------
Speed Grade: -3

   Minimum period: 4.858ns (Maximum Frequency: 205.861MHz)
   Minimum input arrival time before clock: 2.335ns
   Maximum output required time after clock: 3.597ns
   Maximum combinational path delay: No path found

Timing Details:
---------------
All values displayed in nanoseconds (ns)

=========================================================================
Timing constraint: Default period analysis for Clock 'clk'
  Clock period: 4.858ns (frequency: 205.861MHz)
  Total number of paths / destination ports: 1478 / 94
-------------------------------------------------------------------------
Delay:               4.858ns (Levels of Logic = 4)
  Source:            U0/PS2Data_sr_1 (FF)
  Destination:       U1/segments_3 (FF)
  Source Clock:      clk rising
  Destination Clock: clk rising

  Data Path: U0/PS2Data_sr_1 to U1/segments_3
                                Gate     Net
    Cell:in->out      fanout   Delay   Delay  Logical Name (Net Name)
    ----------------------------------------  ------------
     FDE:C->Q             11   0.447   1.227  U0/PS2Data_sr_1 (U0/PS2Data_sr_1)
     LUT5:I0->O            1   0.203   0.684  U0/Mmux_data32 (U0/Mmux_data31)
     LUT6:I4->O            7   0.203   1.002  U0/Mmux_data33 (data_s<2>)
     LUT4:I1->O            1   0.205   0.580  U1/counter[1]_GND_6_o_wide_mux_21_OUT<2>_SW0 (N8)
     LUT4:I3->O            1   0.205   0.000  U1/counter[1]_GND_6_o_wide_mux_21_OUT<2> (U1/counter[1]_GND_6_o_wide_mux_21_OUT<2>)
     FD:D                      0.102          U1/segments_2
    ----------------------------------------
    Total                      4.858ns (1.365ns logic, 3.493ns route)
                                       (28.1% logic, 71.9% route)

=========================================================================
Timing constraint: Default OFFSET IN BEFORE for Clock 'clk'
  Total number of paths / destination ports: 6 / 6
-------------------------------------------------------------------------
Offset:              2.335ns (Levels of Logic = 1)
  Source:            rst (PAD)
  Destination:       U0/WRstate_FSM_FFd1 (FF)
  Destination Clock: clk rising

  Data Path: rst to U0/WRstate_FSM_FFd1
                                Gate     Net
    Cell:in->out      fanout   Delay   Delay  Logical Name (Net Name)
    ----------------------------------------  ------------
     IBUF:I->O             4   1.222   0.683  rst_IBUF (rst_IBUF)
     FDR:R                     0.430          U0/PS2Clk_Q2
    ----------------------------------------
    Total                      2.335ns (1.652ns logic, 0.683ns route)
                                       (70.8% logic, 29.2% route)

=========================================================================
Timing constraint: Default OFFSET OUT AFTER for Clock 'clk'
  Total number of paths / destination ports: 11 / 11
-------------------------------------------------------------------------
Offset:              3.597ns (Levels of Logic = 1)
  Source:            U1/an_3 (FF)
  Destination:       an<3> (PAD)
  Source Clock:      clk rising

  Data Path: U1/an_3 to an<3>
                                Gate     Net
    Cell:in->out      fanout   Delay   Delay  Logical Name (Net Name)
    ----------------------------------------  ------------
     FD:C->Q               1   0.447   0.579  U1/an_3 (U1/an_3)
     OBUF:I->O                 2.571          an_3_OBUF (an<3>)
    ----------------------------------------
    Total                      3.597ns (3.018ns logic, 0.579ns route)
                                       (83.9% logic, 16.1% route)

=========================================================================

Cross Clock Domains Report:
--------------------------

Clock to Setup on destination clock U1/clk_1kHz
---------------+---------+---------+---------+---------+
               | Src:Rise| Src:Fall| Src:Rise| Src:Fall|
Source Clock   |Dest:Rise|Dest:Rise|Dest:Fall|Dest:Fall|
---------------+---------+---------+---------+---------+
clk            |    2.163|         |         |         |
---------------+---------+---------+---------+---------+

Clock to Setup on destination clock clk
---------------+---------+---------+---------+---------+
               | Src:Rise| Src:Fall| Src:Rise| Src:Fall|
Source Clock   |Dest:Rise|Dest:Rise|Dest:Fall|Dest:Fall|
---------------+---------+---------+---------+---------+
U1/clk_1kHz    |    1.128|         |         |         |
clk            |    4.858|         |         |         |
---------------+---------+---------+---------+---------+

=========================================================================


Total REAL time to Xst completion: 5.00 secs
Total CPU time to Xst completion: 4.29 secs
 
--> 


Total memory usage is 460320 kilobytes

Number of errors   :    0 (   0 filtered)
Number of warnings :    4 (   0 filtered)
Number of infos    :    3 (   0 filtered)

